// Jest Snapshot v1, https://goo.gl/fbAQLP

exports[`src/components/Item/ItemDetail should render detail Item  1`] = `
<div
  className="main"
>
  <h2>
    Item Detail
  </h2>
  <ul>
    <li
      className="user-item"
      key="1"
    >
      <h3 />
      <p />
    </li>
  </ul>
</div>
`;
