// Jest Snapshot v1, https://goo.gl/fbAQLP

exports[`src/components/commons/Category should render list-categories 1`] = `
<ContextConsumer>
  <Component />
</ContextConsumer>
`;
