// Jest Snapshot v1, https://goo.gl/fbAQLP

exports[`components/Home/HomePage should render Home page 1`] = `
<div>
  <Connect(Component) />
  <div
    className="home-main"
  >
    <Connect(Category) />
    <Connect(Item)
      id=""
      type="home"
    />
  </div>
</div>
`;
