// Jest Snapshot v1, https://goo.gl/fbAQLP

exports[`Item tests renders list-items 1`] = `
<ContextConsumer>
  <Component />
</ContextConsumer>
`;
