// Jest Snapshot v1, https://goo.gl/fbAQLP

exports[`src/components/user/UserPage.js should render user page 1`] = `
<div>
  <Connect(Component) />
  <div
    className="main"
  >
    <Connect(UserItems) />
  </div>
</div>
`;
