// Jest Snapshot v1, https://goo.gl/fbAQLP

exports[`components/Layout/EditItemModal should render add edit modal 1`] = `
<div>
  <Modal
    autoFocus={true}
    backdrop={true}
    backdropTransition={
      Object {
        "mountOnEnter": true,
        "timeout": 150,
      }
    }
    centered={false}
    fade={true}
    isOpen={true}
    keyboard={true}
    modalTransition={
      Object {
        "timeout": 300,
      }
    }
    onClosed={[Function]}
    onOpened={[Function]}
    role="dialog"
    toggle={[Function]}
    zIndex={1050}
  >
    <ModalHeader
      charCode={215}
      closeAriaLabel="Close"
      tag="h5"
      toggle={[Function]}
      wrapTag="div"
    >
      Edit Item
    </ModalHeader>
    <ModalBody
      tag="div"
    >
      <div>
        <label
          htmlFor="title"
        >
          Title:
          <input
            name="title"
            onChange={[Function]}
            type="text"
            value="one"
          />
        </label>
      </div>
      <div>
        <label
          htmlFor="description"
        >
          Description:
          <br />
          <textarea
            name="description"
            onChange={[Function]}
            value="one"
          />
        </label>
      </div>
      <div>
        <label
          htmlFor="categoryID"
        >
          Category:
          <select
            name="categoryID"
            onChange={[Function]}
            value={1}
          >
            <option
              key="1"
              value={1}
            >
              Category 1
            </option>
            <option
              key="2"
              value={2}
            >
              Category 2
            </option>
          </select>
        </label>
      </div>
    </ModalBody>
    <ModalFooter
      tag="div"
    >
      <Button
        color="primary"
        onClick={[Function]}
        tag="button"
      >
        Edit
      </Button>
    </ModalFooter>
  </Modal>
</div>
`;
