// Jest Snapshot v1, https://goo.gl/fbAQLP

exports[`src/components/layout/Header should render header 1`] = `
<ContextConsumer>
  <Component />
</ContextConsumer>
`;
