// Jest Snapshot v1, https://goo.gl/fbAQLP

exports[`src/components/layout/LoginButton.js should render login button 1`] = `
<button
  className="btn-login"
  onClick={[Function]}
  type="button"
>
  Login
</button>
`;
