// Jest Snapshot v1, https://goo.gl/fbAQLP

exports[`components/Layout/SignupButton should render signup button 1`] = `
<button
  className="btn-signup"
  onClick={[Function]}
  type="button"
>
  Signup
</button>
`;
