// Jest Snapshot v1, https://goo.gl/fbAQLP

exports[`src/components/layout/SignupModal.js should render signup modal 1`] = `
<div>
  <Modal
    autoFocus={true}
    backdrop={true}
    backdropTransition={
      Object {
        "mountOnEnter": true,
        "timeout": 150,
      }
    }
    centered={false}
    fade={true}
    isOpen={true}
    keyboard={true}
    modalTransition={
      Object {
        "timeout": 300,
      }
    }
    onClosed={[Function]}
    onOpened={[Function]}
    role="dialog"
    toggle={[Function]}
    zIndex={1050}
  >
    <ModalHeader
      charCode={215}
      closeAriaLabel="Close"
      tag="h5"
      toggle={[Function]}
      wrapTag="div"
    >
      Signup
    </ModalHeader>
    <ModalBody
      tag="div"
    >
      <div>
        <label
          htmlFor="username"
        >
          Username:
          <input
            name="username"
            onChange={[Function]}
            type="text"
          />
        </label>
      </div>
      <div>
        <label
          htmlFor="password"
        >
          Password:
          <input
            name="password"
            onChange={[Function]}
            type="password"
          />
        </label>
      </div>
      <p
        onClick={[Function]}
      >
        Sign in to your account?
      </p>
    </ModalBody>
    <ModalFooter
      tag="div"
    >
      <Button
        color="primary"
        onClick={[Function]}
        tag="button"
      >
        Signup
      </Button>
    </ModalFooter>
  </Modal>
</div>
`;
