// Jest Snapshot v1, https://goo.gl/fbAQLP

exports[`components/Category/CategoryPage should render Category page 1`] = `
<div>
  <Connect(Component) />
  <div
    className="home-main"
  >
    <Connect(Category) />
    <Connect(Item)
      id={1}
      type="category"
    />
  </div>
</div>
`;
